Copyright 1986-2019 Xilinx, Inc. All Rights Reserved.
------------------------------------------------------------------------------------------
| Tool Version : Vivado v.2019.1 (win64) Build 2552052 Fri May 24 14:49:42 MDT 2019
| Date         : Thu May 16 23:12:53 2024
| Host         : DESKTOP-TJMPVE6 running 64-bit major release  (build 9200)
| Command      : report_control_sets -verbose -file platfomer_top_control_sets_placed.rpt
| Design       : platfomer_top
| Device       : xc7a35t
------------------------------------------------------------------------------------------

Control Set Information

Table of Contents
-----------------
1. Summary
2. Histogram
3. Flip-Flop Distribution
4. Detailed Control Set Information

1. Summary
----------

+----------------------------------------------------------+-------+
|                          Status                          | Count |
+----------------------------------------------------------+-------+
| Total control sets                                       |    18 |
|    Minimum number of control sets                        |    18 |
|    Addition due to synthesis replication                 |     0 |
|    Addition due to physical synthesis replication        |     0 |
| Unused register locations in slices containing registers |    96 |
+----------------------------------------------------------+-------+
* Control sets can be merged at opt_design using control_set_merge or merge_equivalent_drivers
** Run report_qor_suggestions for automated merging and remapping suggestions


2. Histogram
------------

+--------------------+-------+
|       Fanout       | Count |
+--------------------+-------+
| Total control sets |    18 |
| >= 0 to < 4        |     0 |
| >= 4 to < 6        |     0 |
| >= 6 to < 8        |     0 |
| >= 8 to < 10       |     4 |
| >= 10 to < 12      |     7 |
| >= 12 to < 14      |     0 |
| >= 14 to < 16      |     2 |
| >= 16              |     5 |
+--------------------+-------+
* Control sets can be remapped at either synth_design or opt_design


3. Flip-Flop Distribution
-------------------------

+--------------+-----------------------+------------------------+-----------------+--------------+
| Clock Enable | Synchronous Set/Reset | Asynchronous Set/Reset | Total Registers | Total Slices |
+--------------+-----------------------+------------------------+-----------------+--------------+
| No           | No                    | No                     |              49 |           21 |
| No           | No                    | Yes                    |             102 |           48 |
| No           | Yes                   | No                     |              37 |           17 |
| Yes          | No                    | No                     |               0 |            0 |
| Yes          | No                    | Yes                    |              96 |           40 |
| Yes          | Yes                   | No                     |              60 |           15 |
+--------------+-----------------------+------------------------+-----------------+--------------+


4. Detailed Control Set Information
-----------------------------------

+---------------------------------+----------------------------------------+--------------------------------------------------+------------------+----------------+
|           Clock Signal          |              Enable Signal             |                 Set/Reset Signal                 | Slice Load Count | Bel Load Count |
+---------------------------------+----------------------------------------+--------------------------------------------------+------------------+----------------+
|  clock_instance/inst/clk_100mhz | fruits_unit/f3/x_pos                   | menu_unit/debounce_open_menu/AR[0]               |                4 |              9 |
|  clock_instance/inst/clk_100mhz | fruits_unit/f1/x_pos                   | menu_unit/debounce_open_menu/AR[0]               |                2 |              9 |
|  clock_instance/inst/clk_100mhz | fruits_unit/f2/x_pos                   | menu_unit/debounce_open_menu/AR[0]               |                6 |              9 |
|  clock_instance/inst/clk_100mhz | fruits_unit/f4/x_pos                   | menu_unit/debounce_open_menu/AR[0]               |                6 |              9 |
|  clock_instance/inst/clk_100mhz | player_unit/player_pos_x[9]_i_1_n_0    | menu_unit/debounce_open_menu/AR[0]               |                4 |             10 |
|  clock_instance/inst/clk_100mhz | vga_timing_unit/fruit_enable_reg_2[0]  | menu_unit/debounce_open_menu/AR[0]               |                3 |             10 |
|  clock_instance/inst/clk_100mhz | vga_timing_unit/fruit_enable_reg_1[0]  | menu_unit/debounce_open_menu/AR[0]               |                3 |             10 |
|  clock_instance/inst/clk_100mhz | vga_timing_unit/fruit_enable_reg[0]    | menu_unit/debounce_open_menu/AR[0]               |                2 |             10 |
|  clock_instance/inst/clk_100mhz | vga_timing_unit/fruit_enable_reg_0[0]  | menu_unit/debounce_open_menu/AR[0]               |                4 |             10 |
|  clock_instance/inst/clk_25mhz  |                                        | menu_unit/debounce_open_menu/AR[0]               |                7 |             10 |
|  clock_instance/inst/clk_25mhz  | vga_timing_unit/v_pos                  | menu_unit/debounce_open_menu/AR[0]               |                6 |             10 |
|  vga_timing_unit/restart_col0   |                                        |                                                  |                5 |             15 |
|  vga_timing_unit/E[0]           |                                        |                                                  |                7 |             15 |
|  clock_instance/inst/clk_100mhz |                                        |                                                  |                9 |             19 |
|  clock_instance/inst/clk_100mhz | menu_unit/debounce_down/counter        | menu_unit/debounce_down/counter[20]_i_1__1_n_0   |                5 |             20 |
|  clock_instance/inst/clk_100mhz | menu_unit/debounce_open_menu/counter_0 | menu_unit/debounce_open_menu/counter[20]_i_1_n_0 |                5 |             20 |
|  clock_instance/inst/clk_100mhz | menu_unit/debounce_up/counter          | menu_unit/debounce_up/counter[20]_i_1__0_n_0     |                5 |             20 |
|  clock_instance/inst/clk_100mhz |                                        | menu_unit/debounce_open_menu/AR[0]               |               58 |            129 |
+---------------------------------+----------------------------------------+--------------------------------------------------+------------------+----------------+


